<script>
    if('serviceWorker' in navigator) {
        window.addEventListener('load', () => {
            navigator.serviceWorker.register(http://localhost/build/service-worker.js, { scope: '/' })
        })
    }
</script>